C51 COMPILER V9.60.0.0   MAIN                                                              09/11/2022 21:46:48 PAGE 1   


C51 COMPILER V9.60.0.0, COMPILATION OF MODULE MAIN
OBJECT MODULE PLACED IN .\build\Debug\main.obj
COMPILER INVOKED BY: D:\Keil_v5-C51\C51\BIN\C51.EXE User\main.c OPTIMIZE(8,SPEED) BROWSE INCDIR(.\User;.\SailFwLib;.\Sai
                    -lFwLib\src\STC8H;.\SailFwLib\inc;.\SailFwLib\lib) DEBUG OBJECTEXTEND PRINT(.\Listings\main.lst) OBJECT(.\build\Debug\mai
                    -n.obj)

line level    source

   1          #include "sl_config.h"
*** MESSAGE C286 IN LINE 234 OF \Project-C51\SailML\SailFwLib\inc\gpio.h: abc
   2          
   3          sl_isr_state(Time0, IRQ_TIM0);
   4          
   5          sl_isr_def(Time0, IRQ_TIM0)
   6          {
   7   1          sl_gpio_toggle(GPIO_P1, GPIO_Pin_1);
   8   1      }
   9          
  10          void delay(uint16_t i)
  11          {
  12   1          while (i--)
  13   1              ;
  14   1      }
  15          void main()
  16          {
  17   1          gpio_config_t config;
  18   1          sl_sys_init();
  19   1      
  20   1          config.pull_up = GPIO_Pull_up_Disable,
  21   1          config.smit    = GPIO_Smit_Disable,
  22   1          config.speed   = GPIO_Speed_Fast,
  23   1          config.driver  = GPIO_Driver_Plus,
  24   1          config.digit   = GPIO_Digit_Disable;
  25   1      
  26   1          sl_gpio_init(GPIO_P1, GPIO_Pin_1, GPIO_Mode_Out_PP);
  27   1          sl_gpio_config(GPIO_P1, GPIO_Pin_1, config);
  28   1      
  29   1          TH0 = (65536 - 1000) / 256;
  30   1          TL0 = (65536 - 1000) % 256;
  31   1      
  32   1          TMOD = 0X01;
  33   1          TR0  = 1;
  34   1      
  35   1          EA  = 1;
  36   1          ET0 = 1;
  37   1      
  38   1          sl_isr_exti_config(INT_0, Trig_Fall);
  39   1          sl_isr_exti_enable(INT_0)
  40   1      
  41   1              while (1)
  42   1          {
  43   2              /* code */
  44   2          }
  45   1      }


MODULE INFORMATION:   STATIC OVERLAYABLE
   CODE SIZE        =    160    ----
   CONSTANT SIZE    =   ----    ----
   XDATA SIZE       =   ----    ----
   PDATA SIZE       =   ----    ----
C51 COMPILER V9.60.0.0   MAIN                                                              09/11/2022 21:46:48 PAGE 2   

   DATA SIZE        =   ----       5
   IDATA SIZE       =   ----    ----
   BIT SIZE         =   ----    ----
END OF MODULE INFORMATION.


C51 COMPILATION COMPLETE.  0 WARNING(S),  0 ERROR(S)
